
> nextjs-setup@0.1.0 dev
> next dev --turbopack

   ▲ Next.js 15.5.22 (Turbopack)
   - Local:        http://localhost:3000
   - Network:      http://192.168.0.2:3000

 ✓ Starting...
 ✓ Ready in 1423ms
 ○ Compiling / ...
 ✓ Compiled / in 6.8s
 GET / 200 in 7817ms
 ○ Compiling /leaderboard ...
 ✓ Compiled /leaderboard in 1301ms
 GET /leaderboard 200 in 1433ms
 ○ Compiling /history ...
 ✓ Compiled /history in 535ms
 GET /history 200 in 618ms
 GET / 200 in 178ms
 ○ Compiling /test ...
 ✓ Compiled /test in 555ms
 GET /test?difficulty=medium 200 in 645ms
 ○ Compiling /api/generate-passage ...
 ✓ Compiled /api/generate-passage in 630ms
GEMINI_API_KEY is not defined. Falling back to static passage.
 GET /api/generate-passage?difficulty=medium 200 in 1054ms
GEMINI_API_KEY is not defined. Falling back to static passage.
 GET /api/generate-passage?difficulty=medium 200 in 297ms
